client/src/pages/correlations.tsx(115,29): error TS2339: Property 'length' does not exist on type '{}'.
client/src/pages/correlations.tsx(116,20): error TS2339: Property 'map' does not exist on type '{}'.
client/src/pages/correlations.tsx(208,45): error TS2339: Property 'find' does not exist on type '{}'.
client/src/pages/correlations.tsx(264,32): error TS2304: Cannot find name 'Sparkles'.
client/src/pages/email-detail.tsx(335,48): error TS2554: Expected 1-2 arguments, but got 0.
client/src/pages/settings.tsx(322,70): error TS18048: 'settings.emailRules.senderRules.length' is possibly 'undefined'.
client/src/pages/settings.tsx(322,112): error TS18048: 'settings.emailRules.subjectRules.length' is possibly 'undefined'.
server/googleOAuth.ts(65,15): error TS2339: Property 'tokens' does not exist on type 'Promise<GetAccessTokenResponse> & void'.
server/googleOAuth.ts(65,60): error TS2345: Argument of type 'string' is not assignable to parameter of type 'GetAccessTokenCallback'.
server/replitAuth.ts(83,59): error TS2532: Object is possibly 'undefined'.
server/replitAuth.ts(87,61): error TS2532: Object is possibly 'undefined'.
server/replitAuth.ts(135,19): error TS2551: Property '_strategies' does not exist on type 'PassportStatic'. Did you mean 'strategies'?
server/replitAuth.ts(136,103): error TS2551: Property '_strategies' does not exist on type 'PassportStatic'. Did you mean 'strategies'?
server/replitAuth.ts(155,19): error TS2551: Property '_strategies' does not exist on type 'PassportStatic'. Did you mean 'strategies'?
server/replitAuth.ts(157,65): error TS2551: Property '_strategies' does not exist on type 'PassportStatic'. Did you mean 'strategies'?
server/replitAuth.ts(163,42): error TS7006: Parameter 'err' implicitly has an 'any' type.
server/replitAuth.ts(163,47): error TS7006: Parameter 'user' implicitly has an 'any' type.
server/replitAuth.ts(163,53): error TS7006: Parameter 'info' implicitly has an 'any' type.
server/services/correlationService.ts(60,44): error TS2554: Expected 3 arguments, but got 2.
server/services/correlationService.ts(61,33): error TS2345: Argument of type 'unknown' is not assignable to parameter of type 'string'.
server/services/correlationService.ts(164,42): error TS2554: Expected 3 arguments, but got 2.
server/services/correlationService.ts(165,23): error TS2345: Argument of type 'unknown' is not assignable to parameter of type 'string'.
server/services/correlationService.ts(198,42): error TS2554: Expected 3 arguments, but got 2.
server/services/correlationService.ts(199,23): error TS2345: Argument of type 'unknown' is not assignable to parameter of type 'string'.
server/services/draftAssistantService.ts(28,65): error TS2345: Argument of type 'string' is not assignable to parameter of type 'any[]'.
server/services/draftAssistantService.ts(84,65): error TS2345: Argument of type 'string' is not assignable to parameter of type 'any[]'.
server/services/emailCleaningService.ts(161,31): error TS2802: Type 'Set<string>' can only be iterated through when using the '--downlevelIteration' flag or with a '--target' of 'es2015' or higher.
server/services/emailCleaningService.ts(165,37): error TS2802: Type 'Set<string>' can only be iterated through when using the '--downlevelIteration' flag or with a '--target' of 'es2015' or higher.
server/services/emailCleaningService.ts(169,29): error TS2802: Type 'Set<string>' can only be iterated through when using the '--downlevelIteration' flag or with a '--target' of 'es2015' or higher.
server/services/emailCleaningService.ts(173,30): error TS2802: Type 'Set<string>' can only be iterated through when using the '--downlevelIteration' flag or with a '--target' of 'es2015' or higher.
server/services/emailCleaningService.ts(177,32): error TS2802: Type 'Set<string>' can only be iterated through when using the '--downlevelIteration' flag or with a '--target' of 'es2015' or higher.
server/services/emailCleaningService.ts(181,34): error TS2802: Type 'RegExpStringIterator<RegExpExecArray>' can only be iterated through when using the '--downlevelIteration' flag or with a '--target' of 'es2015' or higher.
server/services/emailCleaningService.ts(182,37): error TS2802: Type 'Set<any>' can only be iterated through when using the '--downlevelIteration' flag or with a '--target' of 'es2015' or higher.
server/services/emailService.ts(2,30): error TS7016: Could not find a declaration file for module 'mailparser'. 'C:/Users/dalep/OneDrive/Desktop/donnaai/node_modules/mailparser/index.js' implicitly has an 'any' type.
  Try `npm i --save-dev @types/mailparser` if it exists or add a new declaration (.d.ts) file containing `declare module 'mailparser';`
server/services/emailService.ts(77,17): error TS2741: Property 'userId' is missing in type '{ subject: any; sender: any; senderEmail: any; date: any; body: any; category: string; messageId: any; }' but required in type '{ date: Date; subject: string; sender: string; senderEmail: string; category: string; messageId: string; userId: string; body?: string | null | undefined; threadId?: string | null | undefined; ... 6 more ...; emailHash?: string | ... 1 more ... | undefined; }'.
server/services/emailService.ts(248,5): error TS2322: Type '{ subject: string; sender: string; senderEmail: string; date: Date; body: string; category: string; messageId: string; }[]' is not assignable to type '{ date: Date; subject: string; sender: string; senderEmail: string; category: string; messageId: string; userId: string; body?: string | null | undefined; threadId?: string | null | undefined; ... 6 more ...; emailHash?: string | ... 1 more ... | undefined; }[]'.
  Property 'userId' is missing in type '{ subject: string; sender: string; senderEmail: string; date: Date; body: string; category: string; messageId: string; }' but required in type '{ date: Date; subject: string; sender: string; senderEmail: string; category: string; messageId: string; userId: string; body?: string | null | undefined; threadId?: string | null | undefined; ... 6 more ...; emailHash?: string | ... 1 more ... | undefined; }'.
server/services/openaiService.ts(146,47): error TS2339: Property 'chat' does not exist on type 'Beta'.
server/services/styleProfileService.ts(247,54): error TS1501: This regular expression flag is only available when targeting 'es6' or later.
